// Jest Snapshot v1, https://goo.gl/fbAQLP

exports[`EditProfileNameSection renders the EditProfileNameSection component to the dom 1`] = `
<div
  className="my-6"
>
  <h1
    className="my-1 px-2 is-size-5 has-text-weight-bold"
  >
    Name
  </h1>
  <form>
    <div
      className="is-flex is-justify-content-start is-align-items-center"
    >
      <div
        className="control is-flex is-justify-content-center is-align-items-center"
      >
        <input
          className="input mx-2"
          placeholder="FirstName"
          required={true}
          type="text"
        />
        <input
          className="input mx-2"
          placeholder="Other Names"
          required={true}
          type="text"
        />
        <input
          className="input mx-2"
          placeholder="LastName"
          required={true}
          type="text"
        />
      </div>
      <div
        className="control"
      >
        <button
          className="button is-primary"
          type="submit"
        >
          Save
        </button>
      </div>
    </div>
  </form>
</div>
`;
