// Jest Snapshot v1, https://goo.gl/fbAQLP

exports[`EditProfileImageSection renders the EditProfileImageSection component to the dom 1`] = `
<div
  className="my-6"
>
  <h1
    className="my-1 px-2 is-size-5 has-text-weight-bold"
  >
    Profile Image
  </h1>
  <div
    className="my-2 px-3"
  >
    <div
      className="image edit-profile-image-wrapper"
    >
      <img
        alt="profile_image"
        className="is-rounded"
        src="/dev.png"
      />
    </div>
  </div>
  <form
    className="py-2 is-flex is-justify-content-center is-align-items-center"
  >
    <div
      className="file mx-2"
    >
      <label
        className="file-label"
      >
        <input
          className="file-input"
          name="profile_image"
          required={true}
          type="file"
        />
        <span
          className="file-cta"
        >
          <span
            className="file-icon"
          >
            <i
              className="fas fa-upload"
            />
          </span>
          <span
            className="file-label"
          >
            Choose a fileâ€¦
          </span>
        </span>
      </label>
    </div>
    <div
      className="control mx-2"
    >
      <button
        className="button is-primary"
        type="submit"
      >
        Save
      </button>
    </div>
    <div
      className="control mx-2"
    >
      <button
        className="button is-danger"
        type="submit"
      >
        Cancel
      </button>
    </div>
  </form>
</div>
`;
