// Jest Snapshot v1, https://goo.gl/fbAQLP

exports[`EditProfileLinksSection renders the EditProfileLinksSection component to the dom 1`] = `
<div
  className="my-6"
>
  <h1
    className="my-1 px-2 is-size-5 has-text-weight-bold"
  >
    Social Links
  </h1>
  <form>
    <div
      className="is-flex is-justify-content-start is-align-items-flex-end"
    >
      <div
        className="control is-flex is-justify-content-center is-align-items-center my-2"
      >
        <label
          className="mx-2"
          htmlFor="link-name"
        >
          Website Name
          <input
            className="input"
            name="link-name"
            placeholder="GitHub"
            required={true}
            type="text"
          />
        </label>
        <label
          className="mx-2"
          htmlFor="link-url"
        >
          Url
          <input
            className="input"
            name="link-url"
            placeholder="user@github.com"
            required={true}
            type="url"
          />
        </label>
      </div>
      <div
        className="control my-2"
      >
        <button
          className="button is-primary"
          type="submit"
        >
          Add Link
        </button>
      </div>
    </div>
  </form>
</div>
`;
