// Jest Snapshot v1, https://goo.gl/fbAQLP

exports[`Home renders the Home component to the dom 1`] = `
<div
  className="my-6 p-3"
>
  <p
    className="my-3 px-2 is-size-1 has-text-centered has-text-weight-bold"
  >
    WTH!
  </p>
  <p
    className="my-3 px-2 is-size-3 has-text-centered"
  >
    This place is supposed to be your Home
  </p>
  <p
    className="my-3 px-2 is-size-5 has-text-centered"
  >
    But, looks like there is nothing here!
  </p>
  <div
    className="my-5 is-flex is-justify-content-center"
  >
    <a
      className="button is-warning has-text-success has-text-center"
      href="https://www.furniturebari.com/"
      rel="noreferrer"
      target="_blank"
    >
      Go Buy Some Furniture
      <span
        className="px-2 has-text-weight-bold"
      >
        NOW
      </span>
    </a>
  </div>
  <div
    className="my-6 px-3"
  >
    <p
      className="has-text-center py-3"
    >
      Pun aside, this page will soon allow you to add a profile picture, company info and an about me/us section
    </p>
    <div
      className="py-3 is-flex is-justify-content-center is-align-items-center"
    >
      <p
        className="has-text-center"
      >
        For now though, navigate to our
        <a
          className="px-2 has-text-primary has-text-weight-bold"
          href="/developers"
          onClick={[Function]}
        >
          Developers 
        </a>
        page and get in touch with them
      </p>
    </div>
  </div>
</div>
`;
