// Jest Snapshot v1, https://goo.gl/fbAQLP

exports[`Loading renders the Loading component to the dom 1`] = `
<div>
  <img
    alt="loading"
    src="/loading.gif"
  />
</div>
`;
