// Jest Snapshot v1, https://goo.gl/fbAQLP

exports[`SignUpButton renders the SignUpButton component to the dom 1`] = `
<div
  className="navbar-item"
>
  <a
    className="btn btn-secondary"
    href="/sign_up"
    onClick={[Function]}
  >
    <strong>
      Sign up
    </strong>
  </a>
</div>
`;
