// Jest Snapshot v1, https://goo.gl/fbAQLP

exports[`SignUpForm renders the SignUpForm component to the dom 1`] = `
<div
  className="my-12 mx-auto"
>
  <div
    className="mx-auto w-8/12 md:w-6/12 lg:w-5/12 bg-yellow-300 rounded"
  >
    <h1
      className="px-2 pt-8 pb-2 mb-3 text-3xl text-center text-green-800 font-bold"
    >
      Create an Account
    </h1>
    <div
      className="px-6 pb-2"
    >
      <hr
        className="border-1 border-primary-600 px-2"
      />
    </div>
    <div
      className="flex justify-center items-center"
    >
      <form
        className="px-4 mx-auto mb-8"
        onSubmit={[Function]}
      >
        <div
          className="field"
        >
          <label
            className="label"
            htmlFor="email"
          >
            Email
            <div
              className="control"
            >
              <input
                autoFocus={true}
                className="input"
                name="email"
                onChange={[Function]}
                placeholder="email@emails.com"
                required={true}
                type="text"
                value=""
              />
              <span
                className="icon"
              >
                <i
                  className="fas fa-envelope"
                />
              </span>
            </div>
          </label>
        </div>
        <div
          className="field"
        >
          <label
            className="label"
            htmlFor="username"
          >
            Username
            <div
              className="control"
            >
              <input
                className="input"
                name="username"
                onChange={[Function]}
                placeholder="Minimum 5 characters"
                required={true}
                type="text"
                value=""
              />
              <span
                className="icon"
              >
                <i
                  className="fas fa-user"
                />
              </span>
            </div>
          </label>
        </div>
        <div
          className="field"
        >
          <label
            className="label"
            htmlFor="password"
          >
            Password
            <div
              className="control"
            >
              <input
                className="input"
                name="password"
                onChange={[Function]}
                placeholder="Minimum 6 characters"
                required={true}
                type="password"
                value=""
              />
              <span
                className="icon"
              >
                <i
                  className="fas fa-lock"
                />
              </span>
            </div>
          </label>
        </div>
        <div
          className="field"
        >
          <label
            className="label"
            htmlFor="password_confirmation"
          >
            Confirm password
            <div
              className="control"
            >
              <input
                className="input"
                name="password_confirmation"
                onChange={[Function]}
                placeholder="Your password again"
                required={true}
                type="password"
                value=""
              />
              <span
                className="icon"
              >
                <i
                  className="fas fa-lock"
                />
              </span>
            </div>
          </label>
        </div>
        <div
          className="control"
        >
          <button
            className="btn btn-primary"
            type="submit"
          >
            Sign up
          </button>
        </div>
      </form>
    </div>
  </div>
</div>
`;
